// Vitest Snapshot v1, https://vitest.dev/guide/snapshot.html

exports[`composeObituary > matches the full-text snapshot for the fixture 1`] = `
"«ሕያዎት ሰባት ብሕያውነቶም ይዝከሩ» (ምሳሌ 10፥7)

ሎሚ ኣብ ዘመነ ፍልሰታ፡ ነዞም ኣብዛ ምድሪ’ዚኣ ብ"ሠናይ ገድሊ" ዝተጋደሉ፡ ልኡኽ እግዚኣብሔር ዝኾኑ፡ ኣቦና ቀሺ ዑቕባገብርኤል ወልደማርያም ካብዛ ታህዋኽን ሸበድበድን ዝመልኣ ምድሪ፡ ኣብ መበል 95 ዕድመኦም ነፋንዎም ኣሎና።

ኣብ ዕለተ ክህነት እንደግሞ "እግዚኣብሔር ነግሰ" ዝብል ጸሎት፡
«ለካህናቲከ እግዚኦ ለካህናቲከ እለ ኣሥመሩከ፡ ትቤሎሙ ባኡ ጽርሐ መቅደስከ ኅበ ይኅድር ኃይለ ስብሐቲከ»
«ኦ ጎይታ ነቶም ዘሐጎስኻ ኣገልገልቲ ካህናትካ፡ ናብቲ ሓይልኻን ክብርኻን ዝሓድረሉ ኣደራሽ መቕደስካ እትዉ ኢኻ ትብሎም» እናበልና ነዝይም።

ክቡር ኣቦና ቀሺ ዑቕባገብርኤል ቀሺ ወልደማርያም ብዕለት 27 ግንቦት 1931ፈ ካብ ኣብኦም ቀሺ ወልደማርያም ተኽለን ኣዲኦም ወ/ሮ ግደይ ገብረንጉስን ኣብ ዓዶም ዓዲጣል ተወሊዶም።

ብዕለት 17 ሕዳር 1952ፈ ምስ ክብርቲ ነፍስሄርት ወ/ሮ ግደይ ካሕሳይ ቃል ኪዳን ኣሲሮም።

ብዕለት 11 ሚያዝያ 1957 ብኢድ ኣቡነ ማርቆስ ጳጳስ ኦርቶዶክስ ቤተክርስትያን ኣብ ኣስመራ መዓርገ ክህነት ተቐቢሎም።

ካብዚ ቀጺሎም ብ1977ፈ ብፍቓድ ብጹዕ ኣቡነ ኣብርሃ ፍራንሱዋ ናብ ካቶሊካዊት ቤተክርስትያን ኣትዮም።

ካብ 1978-1979 ከም ምክትል ቆሞስ ኮይኖም ኣብ ደብረ ፋጥማ ማርያም (ዓድውብዑር) ኣገልጊሎም።
ብ15 የካቲት 1979 ክሳብ 1984 ከም ቆሞስ ኮይኖም ኣብ ደብረ መድሓኔ ዓለም (በራቒት ንእሽቶ) ኣገልጊሎም።
ካብ 1984-1985 ከም ኣገልጋሊ ኮይኖም ኣብ ድግሳ ማርያም ጽዮን ኣገልጊሎም።
ብ1985 ከም ቆሞስ ኮይኖም ኣብ ደብረ መድሓኔ ዓለም (በራቒት ንእሽቶ) ኣገልጊሎም። ብ1987 ነዛ ንእሽቶን ንጸሎት ምችእትን ቤተክርስትያን ክሃንጹ ጀሚሮም ብረዲኤት መድሓኔ ዓለም ዛዚሞማ።
ብ11 መስከረም 1992ፈ ከም ቆሞስ ኮይኖም ኣብ ደብረ ቅዱስ ሚካኤል ሓላይን ኪዳነ ምሕረት ዓድሽዓድን ኣገልጊሎም። ብግዚኦም 6ተ ክፍሊ ዘለዎ መንበሪ ቆሞስ ሰሪሖም።
ብ20 መስከረም 1993ፈ ከም ቆሞስ ኮይኖም ኣብ ኣውህነን መዓርዳን ኣገልጊሎም። ንቁምስና ቤተክርስትያን ደብረ ቅዱስ ጊዮርጊስ መዓርዳ ኣሓዲሶም።
ብ30 ጥሪ 2003ፈ ከም ቆሞስ ኮይኖም ኣብ ደብረ ቅዱስ ሚካኤል ሓድሽ ዓዲ ሓደግቲ ኣገልጊሎም። ንቁምስናታት ደብረ ኪዳነ ምሕረት ዓዲቀይሕ የገልግሉ ኔሮም።
ብ2010ፈ ከም ንዕረፍቲ ኮይኖም ኣብ ደብረ መድሓኔ ዓለም (ዓዲቀይሕ) ኣገልጊሎም።

ፍሉይ መለልዪ ባህሪ ቀሺ ዑቕባገብርኤል
ሕያዎት ሰባት ከም ግብሮም ዓስቦም ክስዕቦም እዩ (ምሳሌ 14፥14)
ብሕጽር ዝበለ እተን ብጹዓን ነዳያን ዝብላ 8ተ ብጽዕነታት ኣብ ሕይወቶም ዘንጸባርቓ ኢየን።
ብሓቂ ለዋህ ኣቦ
ቦቕባቕ ኣቦ
ምልክት ሕያውነትን ትሕትናን
ምስ ኩሉ ብሰላም ዝነብሩ
ትጉህ ኖላዊ ብእሴ እግዚኣብሔር ዝነበሩ ኣቦ
ዮሓ 12፥26 «እቲ ዘገልግለኒ ዘበለ፡ ኣብቲ ኣነ ዘለኹዎ ክህሉ ኢዩ»
ራእ 14፥13 «እቶም ካብ ሕጂ ብጐይታ ዚሞቱ ብፁዓን እዮም፥ እወ፥ ግብሮም ኪስዕቦም እዩ እሞ ካብ ጻዕሮም ኬዕርፉ እዮም»
ናይቶም ለዋሃት ሰባት ዓስቢ፡ ርስቲ ቅዱሳን፡ ሰማያዊ ሓጎስ፡ ዓይኒ ዘይረኣየቶ፡ እዝኒ ዘይሰማዓቶ፡ ልቢ ዘይሓለኖ ሰማያዊ ዓስቢ ከም ዝስዕቦም እምነትናን ተስፋናን ኢዩ።

ሎሚ ዕለት 15 ነሓሰ 2026ፈ ብጹዕ ኣቡነ ፍቕረማርያም ሓጎስ ጳጳስ ሰበኻ ሰገነይቲ፡ ዓበይቲ ካህናት ብጾቶምን ነኣሽቱ ካህናት ደቆምን ኩሎም ውሉደ ክህነት፡ ካህናትን ደናግልን ምእመናንን ቤተሰብን ኣብ ዝተሳተፍዎ ስነ-ስርዓት ቀብሮም ኣብ ዓዲቀይሕ ደብረ መድሓኔ ዓለም ሓመድ ኣዳም ለቢሶም ብኽብሪ ተፈጺሙ ኣሎ።

ንኹሉኹም ኣብዚ ቀብሪ ኣቦና ዝተሳተፍኩም፡ ሕሰም ኣይትርከቡ የቐንየልና እናበልና ብስም ሰበኻ ሰገነይትን ቤተሰብን የቐንየልና ንብል።
ንሰበኻ ከምኦም ዝበሉ ሕያዎትን ቅዱሳትን ካህናት ይልኣኸልና፡ ንቤተሰብ ከኣ ጽንዓት ይሃብ ንብል።
ሰበኻ ከኣ ሓዘንና ኣብዚ ከምዝዓጸና ንሕብር።"
`;
